---
source: src/bin/slite/./app_tui_test.rs
expression: view
---
                                                                                
   Source |  Target |  Diff |  Migrate                                      
 ────────────────────────────────────────────────────────────────────────────── 
 ╭Target─────╮╭SQL────────────────────────────────────────────────────────────╮ 
 │Tables     ││                                                               │ 
 │Indexes    ││                                                               │ 
 │Views      ││                                                               │ 
 │Triggers   ││                                                               │ 
 │           ││                                                               │ 
 │           ││                                                               │ 
 │           ││                                                               │ 
 │           ││                                                               │ 
 │           ││                                                               │ 
 │           ││                                                               │ 
 │           ││                                                               │ 
 │           ││                                                               │ 
 │           ││                                                               │ 
 │           ││                                                               │ 
 │           ││                                                               │ 
 │           ││                                                               │ 
 │           ││                                                               │ 
 │           ││                                                               │ 
 │           ││                                                               │ 
 │           ││                                                               │ 
 │           ││                                                               │ 
 │           ││                                                               │ 
 │           ││                                                               │ 
 │           ││                                                               │ 
 │           ││                                                               │ 
 │           ││                                                               │ 
 │           ││                                                               │ 
 │           ││                                                               │ 
 │           ││                                                               │ 
 │           ││                                                               │ 
 │           ││                                                               │ 
 │           ││                                                               │ 
 │           ││                                                               │ 
 │           ││                                                               │ 
 │           ││                                                               │ 
 │           ││                                                               │ 
 │           ││                                                               │ 
 │           ││                                                               │ 
 │           ││                                                               │ 
 │           ││                                                               │ 
 │           ││                                                               │ 
 │           ││                                                               │ 
 │           ││                                                               │ 
 │           ││                                                               │ 
 ╰───────────╯╰───────────────────────────────────────────────────────────────╯ 
                                                                                

